[  +85 ms] Artifact Instance of 'MaterialFonts' is not required, skipping update.
[        ] Artifact Instance of 'GradleWrapper' is not required, skipping update.
[        ] Artifact Instance of 'AndroidGenSnapshotArtifacts' is not required, skipping update.
[        ] Artifact Instance of 'AndroidInternalBuildArtifacts' is not required, skipping update.
[        ] Artifact Instance of 'IOSEngineArtifacts' is not required, skipping update.
[        ] Artifact Instance of 'FlutterWebSdk' is not required, skipping update.
[        ] Artifact Instance of 'LegacyCanvasKitRemover' is not required, skipping update.
[        ] Artifact Instance of 'FlutterSdk' is not required, skipping update.
[        ] Artifact Instance of 'WindowsEngineArtifacts' is not required, skipping update.
[        ] Artifact Instance of 'MacOSEngineArtifacts' is not required, skipping update.
[        ] Artifact Instance of 'LinuxEngineArtifacts' is not required, skipping update.
[        ] Artifact Instance of 'LinuxFuchsiaSDKArtifacts' is not required, skipping update.
[        ] Artifact Instance of 'MacOSFuchsiaSDKArtifacts' is not required, skipping update.
[        ] Artifact Instance of 'FlutterRunnerSDKArtifacts' is not required, skipping update.
[        ] Artifact Instance of 'FlutterRunnerDebugSymbols' is not required, skipping update.
[        ] Artifact Instance of 'IosUsbArtifacts' is not required, skipping update.
[        ] Artifact Instance of 'IosUsbArtifacts' is not required, skipping update.
[        ] Artifact Instance of 'IosUsbArtifacts' is not required, skipping update.
[        ] Artifact Instance of 'IosUsbArtifacts' is not required, skipping update.
[        ] Artifact Instance of 'IosUsbArtifacts' is not required, skipping update.
[        ] Artifact Instance of 'IosUsbArtifacts' is not required, skipping update.
[        ] Artifact Instance of 'FontSubsetArtifacts' is not required, skipping update.
[        ] Artifact Instance of 'PubDependencies' is not required, skipping update.
[        ] executing: [C:\Users\admin\developer\flutter/] git -c log.showSignature=false log HEAD -n 1 --pretty=format:%ad --date=iso
[  +33 ms] Exit code 0 from: git -c log.showSignature=false log HEAD -n 1 --pretty=format:%ad --date=iso
[        ] 2025-11-20 17:53:13 -0500
[  +15 ms] Artifact Instance of 'AndroidGenSnapshotArtifacts' is not required, skipping update.
[        ] Artifact Instance of 'AndroidInternalBuildArtifacts' is not required, skipping update.
[        ] Artifact Instance of 'IOSEngineArtifacts' is not required, skipping update.
[        ] Artifact Instance of 'FlutterWebSdk' is not required, skipping update.
[        ] Artifact Instance of 'FlutterEngineStamp' is not required, skipping update.
[        ] Artifact Instance of 'LegacyCanvasKitRemover' is not required, skipping update.
[   +1 ms] Artifact Instance of 'WindowsEngineArtifacts' is not required, skipping update.
[        ] Artifact Instance of 'MacOSEngineArtifacts' is not required, skipping update.
[        ] Artifact Instance of 'LinuxEngineArtifacts' is not required, skipping update.
[        ] Artifact Instance of 'LinuxFuchsiaSDKArtifacts' is not required, skipping update.
[        ] Artifact Instance of 'MacOSFuchsiaSDKArtifacts' is not required, skipping update.
[        ] Artifact Instance of 'FlutterRunnerSDKArtifacts' is not required, skipping update.
[        ] Artifact Instance of 'FlutterRunnerDebugSymbols' is not required, skipping update.
[  +42 ms] Artifact Instance of 'AndroidGenSnapshotArtifacts' is not required, skipping update.
[        ] Artifact Instance of 'AndroidInternalBuildArtifacts' is not required, skipping update.
[        ] Artifact Instance of 'IOSEngineArtifacts' is not required, skipping update.
[        ] Artifact Instance of 'FlutterWebSdk' is not required, skipping update.
[        ] Artifact Instance of 'FlutterEngineStamp' is not required, skipping update.
[        ] Artifact Instance of 'LegacyCanvasKitRemover' is not required, skipping update.
[   +2 ms] Artifact Instance of 'MacOSEngineArtifacts' is not required, skipping update.
[        ] Artifact Instance of 'LinuxEngineArtifacts' is not required, skipping update.
[        ] Artifact Instance of 'LinuxFuchsiaSDKArtifacts' is not required, skipping update.
[        ] Artifact Instance of 'MacOSFuchsiaSDKArtifacts' is not required, skipping update.
[        ] Artifact Instance of 'FlutterRunnerSDKArtifacts' is not required, skipping update.
[        ] Artifact Instance of 'FlutterRunnerDebugSymbols' is not required, skipping update.
[  +27 ms] Skipping pub get: version match.
[  +75 ms] Skipping generating web_plugin_registrant.dart because it is up-to-date.
[  +30 ms] Generating C:\Users\admin\Desktop\falto_project\frontend\android\app\src\main\java\io\flutter\plugins\GeneratedPluginRegistrant.java
[   +3 ms] Skipping generating GeneratedPluginRegistrant.java because it is up-to-date.
[   +2 ms] Skipping generating generated_plugin_registrant.h because it is up-to-date.
[        ] Skipping generating generated_plugin_registrant.cc because it is up-to-date.
[   +1 ms] Skipping generating generated_plugins.cmake because it is up-to-date.
[  +54 ms] Initializing file store
[   +5 ms] Skipping target: gen_localizations
[   +1 ms] gen_dart_plugin_registrant: Starting due to {InvalidatedReasonKind.inputChanged: The following inputs have updated contents: C:\Users\admin\Desktop\falto_project\frontend\.dart_tool\package_config.json}
[  +24 ms] gen_dart_plugin_registrant: Complete
[   +1 ms] Skipping target: _composite
[        ] complete
[   +2 ms] Launching lib\main.dart on Windows in debug mode...
[   +1 ms] C:\Users\admin\developer\flutter\bin\cache\dart-sdk\bin\dartaotruntime.exe C:\Users\admin\developer\flutter\bin\cache\dart-sdk\bin\snapshots\frontend_server_aot.dart.snapshot --sdk-root C:\Users\admin\developer\flutter\bin\cache\artifacts\engine\common\flutter_patched_sdk/ --incremental --target=flutter --experimental-emit-debug-metadata -DFLUTTER_VERSION=3.38.3 -DFLUTTER_CHANNEL=stable -DFLUTTER_GIT_URL=https://github.com/flutter/flutter.git -DFLUTTER_FRAMEWORK_REVISION=19074d12f7 -DFLUTTER_ENGINE_REVISION=13e658725d -DFLUTTER_DART_VERSION=3.10.1 --output-dill C:\Users\admin\AppData\Local\Temp\flutter_tools.6ef65e1d\flutter_tool.7630af7d\app.dill --packages C:\Users\admin\Desktop\falto_project\frontend\.dart_tool\package_config.json -Ddart.vm.profile=false -Ddart.vm.product=false --enable-asserts --track-widget-creation --filesystem-scheme org-dartlang-root --initialize-from-dill build\ca33f282d90356a564f3e3da52c97351.cache.dill.track.dill --verbosity=error --enable-experiment=alternative-invalidation-strategy
[  +14 ms] executing: C:\Program Files (x86)\Microsoft Visual Studio\Installer\vswhere.exe -format json -products * -utf8 -latest -version 16 -requires Microsoft.VisualStudio.Workload.NativeDesktop Microsoft.VisualStudio.Component.VC.Tools.x86.x64 Microsoft.VisualStudio.Component.VC.CMake.Project
[  +27 ms] Exit code 0 from: C:\Program Files (x86)\Microsoft Visual Studio\Installer\vswhere.exe -format json -products * -utf8 -latest -version 16 -requires Microsoft.VisualStudio.Workload.NativeDesktop Microsoft.VisualStudio.Component.VC.Tools.x86.x64 Microsoft.VisualStudio.Component.VC.CMake.Project
[        ] [
             {
               "instanceId": "8c982a21",
               "installDate": "2025-12-09T06:23:34Z",
               "installationName": "VisualStudio/18.0.2+11222.15",
               "installationPath": "C:\\Program Files\\Microsoft Visual Studio\\18\\Community",
               "installationVersion": "18.0.11222.15",
               "productId": "Microsoft.VisualStudio.Product.Community",
               "productPath": "C:\\Program Files\\Microsoft Visual Studio\\18\\Community\\Common7\\IDE\\devenv.exe",
               "state": 4294967295,
               "isComplete": true,
               "isLaunchable": true,
               "isPrerelease": false,
               "isRebootRequired": false,
               "displayName": "Visual Studio Community 2026",
               "description": "Everything you need to build modern apps ΓÇô free for you, built for impact.",
               "channelId": "VisualStudio.18.Release",
               "channelUri": "https://aka.ms/vs/18/stable/channel",
               "enginePath": "C:\\Program Files (x86)\\Microsoft Visual Studio\\Installer\\resources\\app\\ServiceHub\\Services\\Microsoft.VisualStudio.Setup.Service",
               "expirationDate": "2026-01-11T17:00:00+00:00",
               "installedChannelId": "VisualStudio.18.Release",
               "installedChannelUri": "https://aka.ms/vs/18/stable/channel",
               "releaseNotes": "https://docs.microsoft.com/en-us/visualstudio/releases/18/release-notes-v18.0#18.0.2",
               "resolvedInstallationPath": "C:\\Program Files\\Microsoft Visual Studio\\18\\Community",
               "retirementDate": "2026-02-05T17:00:00+00:00",
               "thirdPartyNotices": "https://go.microsoft.com/fwlink/?LinkId=661480",
               "updateDate": "2025-12-09T06:23:34.0332727Z",
               "catalog": {
                 "buildBranch": "d18.0",
                 "buildVersion": "18.0.11222.15",
                 "featureReleaseMonth": "11",
                 "featureReleaseYear": "2025",
                 "id": "VisualStudio/18.0.2+11222.15",
                 "includeBuildVersionInDisplayVersion": "False",
                 "localBuild": "build-lab",
                 "manifestName": "VisualStudio",
                 "manifestType": "installer",
                 "productDisplayVersion": "18.0.2",
                 "productLine": "Dev18",
                 "productLineVersion": "18",
                 "productMilestone": "RTW",
                 "productMilestoneIsPreRelease": "False",
                 "productName": "Visual Studio",
                 "productPatchVersion": "2",
                 "productPreReleaseMilestoneSuffix": "1.0",
                 "productRelease": "RTW",
                 "productSemanticVersion": "18.0.2+11222.15",
                 "requiredEngineVersion": "4.0.2166.47498"
               },
               "properties": {
                 "appLocalWPF": "false",
                 "campaignId": "2500:1cf303c1156c4c518e3dfd79a92c89f1",
                 "channelManifestId": "VisualStudio.18.Release/18.0.2+11222.15",
                 "includeRecommended": "1",
                 "nickname": "",
                 "setupEngineFilePath": "C:\\Program Files (x86)\\Microsoft Visual Studio\\Installer\\setup.exe"
               }
             }
           ]
[   +2 ms] Building Windows application...
[   +3 ms] <- compile package:frontend/main.dart
[  +11 ms] executing: C:\Program Files\Microsoft Visual Studio\18\Community\Common7\IDE\CommonExtensions\Microsoft\CMake\CMake\bin\cmake.exe -S C:\Users\admin\Desktop\falto_project\frontend\windows -B C:\Users\admin\Desktop\falto_project\frontend\build\windows\x64 -G Visual Studio 18 2026 -A x64 -DFLUTTER_TARGET_PLATFORM=windows-x64
[  +42 ms] -- Configuring done (0.0s)
[ +103 ms] -- Generating done (0.1s)
[   +2 ms] -- Build files have been written to: C:/Users/admin/Desktop/falto_project/frontend/build/windows/x64
[  +18 ms] executing: C:\Program Files\Microsoft Visual Studio\18\Community\Common7\IDE\CommonExtensions\Microsoft\CMake\CMake\bin\cmake.exe --build C:\Users\admin\Desktop\falto_project\frontend\build\windows\x64 --config Debug --target INSTALL --verbose
[  +46 ms] Change Dir: 'C:/Users/admin/Desktop/falto_project/frontend/build/windows/x64'
[        ] Run Build Command(s): "C:/Program Files/Microsoft Visual Studio/18/Community/MSBuild/Current/Bin/amd64/MSBuild.exe" INSTALL.vcxproj /p:Configuration=Debug /p:Platform=x64 /p:VisualStudioVersion=18.0 /v:n
[  +69 ms] MSBuild version 18.0.5+e22287bf1 for .NET Framework
[  +24 ms] Build started 1/1/2026 11:59:52 PM.
[ +106 ms] Project "C:\Users\admin\Desktop\falto_project\frontend\build\windows\x64\INSTALL.vcxproj" on node 1 (default targets).
[        ] Project "C:\Users\admin\Desktop\falto_project\frontend\build\windows\x64\INSTALL.vcxproj" (1) is building "C:\Users\admin\Desktop\falto_project\frontend\build\windows\x64\ZERO_CHECK.vcxproj" (2) on node 1 (default targets).
[        ] PrepareForBuild:
[        ]   Structured output is enabled. The formatting of compiler diagnostics will reflect the error hierarchy. See https://aka.ms/cpp/structured-output for more details.
[   +2 ms] InitializeBuildStatus:
[        ]   Creating "x64\Debug\ZERO_CHECK\ZERO_CHECK.tlog\unsuccessfulbuild" because "AlwaysCreate" was specified.
[        ]   Touching "x64\Debug\ZERO_CHECK\ZERO_CHECK.tlog\unsuccessfulbuild".
[   +8 ms] CustomBuild:
[        ]   All outputs are up-to-date.
[  +46 ms]   1>Checking Build System
[  +57 ms] FinalizeBuildStatus:
[        ]   Deleting file "x64\Debug\ZERO_CHECK\ZERO_CHECK.tlog\unsuccessfulbuild".
[   +1 ms]   Touching "x64\Debug\ZERO_CHECK\ZERO_CHECK.tlog\ZERO_CHECK.lastbuildstate".
[        ] Done Building Project "C:\Users\admin\Desktop\falto_project\frontend\build\windows\x64\ZERO_CHECK.vcxproj" (default targets).
[  +40 ms] Project "C:\Users\admin\Desktop\falto_project\frontend\build\windows\x64\INSTALL.vcxproj" (1) is building "C:\Users\admin\Desktop\falto_project\frontend\build\windows\x64\ALL_BUILD.vcxproj" (3) on node 1 (default targets).
[        ] Project "C:\Users\admin\Desktop\falto_project\frontend\build\windows\x64\ALL_BUILD.vcxproj" (3) is building "C:\Users\admin\Desktop\falto_project\frontend\build\windows\x64\flutter\flutter_wrapper_app.vcxproj" (4) on node 1 (default targets).
[        ] Project "C:\Users\admin\Desktop\falto_project\frontend\build\windows\x64\flutter\flutter_wrapper_app.vcxproj" (4) is building "C:\Users\admin\Desktop\falto_project\frontend\build\windows\x64\flutter\flutter_assemble.vcxproj" (5) on node 1 (default targets).
[        ] PrepareForBuild:
[        ]   Structured output is enabled. The formatting of compiler diagnostics will reflect the error hierarchy. See https://aka.ms/cpp/structured-output for more details.
[        ] InitializeBuildStatus:
[        ]   Creating "x64\Debug\flutter_assemble\flutter_assemble.tlog\unsuccessfulbuild" because "AlwaysCreate" was specified.
[        ]   Touching "x64\Debug\flutter_assemble\flutter_assemble.tlog\unsuccessfulbuild".
[   +1 ms] CustomBuild:
[        ]   "The build of 'C:\Users\admin\Desktop\falto_project\frontend\build\windows\x64\CMakeFiles\be833ec385f893a54652983cd7bc0d00\flutter_assemble.rule' depends on 'C:\USERS\ADMIN\DESKTOP\FALTO_PROJECT\FRONTEND\WINDOWS\FLUTTER\EPHEMERAL\FLUTTER_WINDOWS.DLL' which is produced by the build of 'C:\Users\admin\Desktop\falto_project\frontend\build\windows\x64\CMakeFiles\8bf2057ba1516604428d9d846fc4bc2c\flutter_windows.dll.rule'. The items cannot be built in parallel."
[  +35 ms]   Generating C:/Users/admin/Desktop/falto_project/frontend/windows/flutter/ephemeral/flutter_windows.dll, C:/Users/admin/Desktop/falto_project/frontend/windows/flutter/ephemeral/flutter_export.h, C:/Users/admin/Desktop/falto_project/frontend/windows/flutter/ephemeral/flutter_windows.h, C:/Users/admin/Desktop/falto_project/frontend/windows/flutter/ephemeral/flutter_messenger.h, C:/Users/admin/Desktop/falto_project/frontend/windows/flutter/ephemeral/flutter_plugin_registrar.h, C:/Users/admin/Desktop/falto_project/frontend/windows/flutter/ephemeral/flutter_texture_registrar.h, C:/Users/admin/Desktop/falto_project/frontend/windows/flutter/ephemeral/cpp_client_wrapper/core_implementations.cc, C:/Users/admin/Desktop/falto_project/frontend/windows/flutter/ephemeral/cpp_client_wrapper/standard_codec.cc, C:/Users/admin/Desktop/falto_project/frontend/windows/flutter/ephemeral/cpp_client_wrapper/plugin_registrar.cc, C:/Users/admin/Desktop/falto_project/frontend/windows/flutter/ephemeral/cpp_client_wrapper/flutter_engine.cc, C:/Users/admin/Desktop/falto_project/frontend/windows/flutter/ephemeral/cpp_client_wrapper/flutter_view_controller.cc, _phony_
[ +737 ms]   [  +91 ms] Artifact Instance of 'MaterialFonts' is not required, skipping update.
[        ]   [        ] Artifact Instance of 'GradleWrapper' is not required, skipping update.
[        ]   [        ] Artifact Instance of 'AndroidGenSnapshotArtifacts' is not required, skipping update.
[        ]   [        ] Artifact Instance of 'AndroidInternalBuildArtifacts' is not required, skipping update.
[        ]   [        ] Artifact Instance of 'IOSEngineArtifacts' is not required, skipping update.
[        ]   [        ] Artifact Instance of 'FlutterWebSdk' is not required, skipping update.
[        ]   [        ] Artifact Instance of 'LegacyCanvasKitRemover' is not required, skipping update.
[        ]   [        ] Artifact Instance of 'FlutterSdk' is not required, skipping update.
[        ]   [        ] Artifact Instance of 'WindowsEngineArtifacts' is not required, skipping update.
[        ]   [        ] Artifact Instance of 'MacOSEngineArtifacts' is not required, skipping update.
[        ]   [        ] Artifact Instance of 'LinuxEngineArtifacts' is not required, skipping update.
[        ]   [        ] Artifact Instance of 'LinuxFuchsiaSDKArtifacts' is not required, skipping update.
[        ]   [        ] Artifact Instance of 'MacOSFuchsiaSDKArtifacts' is not required, skipping update.
[        ]   [        ] Artifact Instance of 'FlutterRunnerSDKArtifacts' is not required, skipping update.
[        ]   [        ] Artifact Instance of 'FlutterRunnerDebugSymbols' is not required, skipping update.
[        ]   [        ] Artifact Instance of 'IosUsbArtifacts' is not required, skipping update.
[        ]   [        ] Artifact Instance of 'IosUsbArtifacts' is not required, skipping update.
[        ]   [        ] Artifact Instance of 'IosUsbArtifacts' is not required, skipping update.
[        ]   [        ] Artifact Instance of 'IosUsbArtifacts' is not required, skipping update.
[        ]   [        ] Artifact Instance of 'IosUsbArtifacts' is not required, skipping update.
[        ]   [        ] Artifact Instance of 'IosUsbArtifacts' is not required, skipping update.
[        ]   [        ] Artifact Instance of 'FontSubsetArtifacts' is not required, skipping update.
[        ]   [        ] Artifact Instance of 'PubDependencies' is not required, skipping update.
[   +3 ms]   [   +8 ms] Artifact Instance of 'AndroidGenSnapshotArtifacts' is not required, skipping update.
[        ]   [        ] Artifact Instance of 'AndroidInternalBuildArtifacts' is not required, skipping update.
[        ]   [        ] Artifact Instance of 'IOSEngineArtifacts' is not required, skipping update.
[        ]   [        ] Artifact Instance of 'FlutterWebSdk' is not required, skipping update.
[        ]   [        ] Artifact Instance of 'FlutterEngineStamp' is not required, skipping update.
[        ]   [        ] Artifact Instance of 'LegacyCanvasKitRemover' is not required, skipping update.
[   +1 ms]   [   +1 ms] Artifact Instance of 'WindowsEngineArtifacts' is not required, skipping update.
[        ]   [        ] Artifact Instance of 'MacOSEngineArtifacts' is not required, skipping update.
[        ]   [        ] Artifact Instance of 'LinuxEngineArtifacts' is not required, skipping update.
[        ]   [        ] Artifact Instance of 'LinuxFuchsiaSDKArtifacts' is not required, skipping update.
[        ]   [        ] Artifact Instance of 'MacOSFuchsiaSDKArtifacts' is not required, skipping update.
[        ]   [        ] Artifact Instance of 'FlutterRunnerSDKArtifacts' is not required, skipping update.
[        ]   [        ] Artifact Instance of 'FlutterRunnerDebugSymbols' is not required, skipping update.
[  +37 ms]   [  +37 ms] Artifact Instance of 'MaterialFonts' is not required, skipping update.
[        ]   [        ] Artifact Instance of 'GradleWrapper' is not required, skipping update.
[        ]   [        ] Artifact Instance of 'AndroidGenSnapshotArtifacts' is not required, skipping update.
[        ]   [        ] Artifact Instance of 'AndroidInternalBuildArtifacts' is not required, skipping update.
[        ]   [        ] Artifact Instance of 'IOSEngineArtifacts' is not required, skipping update.
[        ]   [        ] Artifact Instance of 'FlutterWebSdk' is not required, skipping update.
[        ]   [        ] Artifact Instance of 'FlutterEngineStamp' is not required, skipping update.
[        ]   [        ] Artifact Instance of 'LegacyCanvasKitRemover' is not required, skipping update.
[        ]   [        ] Artifact Instance of 'FlutterSdk' is not required, skipping update.
[        ]   [   +1 ms] Artifact Instance of 'MacOSEngineArtifacts' is not required, skipping update.
[        ]   [        ] Artifact Instance of 'LinuxEngineArtifacts' is not required, skipping update.
[        ]   [        ] Artifact Instance of 'LinuxFuchsiaSDKArtifacts' is not required, skipping update.
[        ]   [        ] Artifact Instance of 'MacOSFuchsiaSDKArtifacts' is not required, skipping update.
[        ]   [        ] Artifact Instance of 'FlutterRunnerSDKArtifacts' is not required, skipping update.
[        ]   [        ] Artifact Instance of 'FlutterRunnerDebugSymbols' is not required, skipping update.
[        ]   [        ] Artifact Instance of 'IosUsbArtifacts' is not required, skipping update.
[        ]   [        ] Artifact Instance of 'IosUsbArtifacts' is not required, skipping update.
[        ]   [        ] Artifact Instance of 'IosUsbArtifacts' is not required, skipping update.
[        ]   [        ] Artifact Instance of 'IosUsbArtifacts' is not required, skipping update.
[        ]   [        ] Artifact Instance of 'IosUsbArtifacts' is not required, skipping update.
[        ]   [        ] Artifact Instance of 'IosUsbArtifacts' is not required, skipping update.
[        ]   [        ] Artifact Instance of 'FontSubsetArtifacts' is not required, skipping update.
[        ]   [        ] Artifact Instance of 'PubDependencies' is not required, skipping update.
[  +23 ms]   [  +23 ms] Initializing file store
[   +8 ms]   [   +8 ms] Done initializing file store
[  +31 ms]   [  +31 ms] Skipping target: dart_build
[   +1 ms]   [   +1 ms] Skipping target: gen_dart_plugin_registrant
[+2080 ms]   [+2080 ms] Skipping target: unpack_windows
[        ]   [        ] Skipping target: install_code_assets
[        ]   [        ] Skipping target: gen_localizations
[ +297 ms]   [ +297 ms] Skipping target: kernel_snapshot_program
[ +162 ms]   [ +162 ms] Skipping target: debug_bundle_windows-x64_assets
[        ]   [        ] Persisting file store
[   +4 ms]   [   +4 ms] Done persisting file store
[   +8 ms]   [   +8 ms] build succeeded.
[   +3 ms]   [   +3 ms] "flutter assemble" took 2,670ms.
[  +39 ms]   [  +39 ms] Running 1 shutdown hook
[        ]   [        ] Shutdown hooks complete
[ +259 ms]   [ +259 ms] exiting with code 0
[  +58 ms] FinalizeBuildStatus:
[        ]   Deleting file "x64\Debug\flutter_assemble\flutter_assemble.tlog\unsuccessfulbuild".
[   +1 ms]   Touching "x64\Debug\flutter_assemble\flutter_assemble.tlog\flutter_assemble.lastbuildstate".
[        ] Done Building Project "C:\Users\admin\Desktop\falto_project\frontend\build\windows\x64\flutter\flutter_assemble.vcxproj" (default targets).
[   +3 ms] PrepareForBuild:
[        ]   Structured output is enabled. The formatting of compiler diagnostics will reflect the error hierarchy. See https://aka.ms/cpp/structured-output for more details.
[        ] InitializeBuildStatus:
[        ]   Creating "flutter_wrapper_app.dir\Debug\flutter_.CE963848.tlog\unsuccessfulbuild" because "AlwaysCreate" was specified.
[        ]   Touching "flutter_wrapper_app.dir\Debug\flutter_.CE963848.tlog\unsuccessfulbuild".
[   +1 ms] CustomBuild:
[        ]   All outputs are up-to-date.
[  +28 ms] ClCompile:
[        ]   All outputs are up-to-date.
[  +14 ms] Lib:
[        ]   All outputs are up-to-date.
[   +1 ms]   flutter_wrapper_app.vcxproj -> C:\Users\admin\Desktop\falto_project\frontend\build\windows\x64\flutter\Debug\flutter_wrapper_app.lib
[  +10 ms] FinalizeBuildStatus:
[        ]   Deleting file "flutter_wrapper_app.dir\Debug\flutter_.CE963848.tlog\unsuccessfulbuild".
[   +1 ms]   Touching "flutter_wrapper_app.dir\Debug\flutter_.CE963848.tlog\flutter_wrapper_app.lastbuildstate".
[        ] Done Building Project "C:\Users\admin\Desktop\falto_project\frontend\build\windows\x64\flutter\flutter_wrapper_app.vcxproj" (default targets).
[  +12 ms] Project "C:\Users\admin\Desktop\falto_project\frontend\build\windows\x64\ALL_BUILD.vcxproj" (3) is building "C:\Users\admin\Desktop\falto_project\frontend\build\windows\x64\flutter\flutter_wrapper_plugin.vcxproj" (6) on node 1 (default targets).
[        ] PrepareForBuild:
[        ]   Structured output is enabled. The formatting of compiler diagnostics will reflect the error hierarchy. See https://aka.ms/cpp/structured-output for more details.
[        ] InitializeBuildStatus:
[        ]   Creating "flutter_wrapper_plugin.dir\Debug\flutter_.9ABA2CFA.tlog\unsuccessfulbuild" because "AlwaysCreate" was specified.
[        ]   Touching "flutter_wrapper_plugin.dir\Debug\flutter_.9ABA2CFA.tlog\unsuccessfulbuild".
[   +1 ms] CustomBuild:
[        ]   All outputs are up-to-date.
[   +5 ms] ClCompile:
[        ]   All outputs are up-to-date.
[   +1 ms] Lib:
[        ]   All outputs are up-to-date.
[        ]   flutter_wrapper_plugin.vcxproj -> C:\Users\admin\Desktop\falto_project\frontend\build\windows\x64\flutter\Debug\flutter_wrapper_plugin.lib
[   +5 ms] FinalizeBuildStatus:
[        ]   Deleting file "flutter_wrapper_plugin.dir\Debug\flutter_.9ABA2CFA.tlog\unsuccessfulbuild".
[   +1 ms]   Touching "flutter_wrapper_plugin.dir\Debug\flutter_.9ABA2CFA.tlog\flutter_wrapper_plugin.lastbuildstate".
[        ] Done Building Project "C:\Users\admin\Desktop\falto_project\frontend\build\windows\x64\flutter\flutter_wrapper_plugin.vcxproj" (default targets).
[  +14 ms] Project "C:\Users\admin\Desktop\falto_project\frontend\build\windows\x64\ALL_BUILD.vcxproj" (3) is building "C:\Users\admin\Desktop\falto_project\frontend\build\windows\x64\runner\frontend.vcxproj" (7) on node 1 (default targets).
[        ] PrepareForBuild:
[        ]   Structured output is enabled. The formatting of compiler diagnostics will reflect the error hierarchy. See https://aka.ms/cpp/structured-output for more details.
[   +1 ms] InitializeBuildStatus:
[        ]   Touching "frontend.dir\Debug\frontend.tlog\unsuccessfulbuild".
[   +1 ms] CustomBuild:
[        ]   All outputs are up-to-date.
[   +6 ms] ClCompile:
[        ]   All outputs are up-to-date.
[   +6 ms] ResourceCompile:
[        ]   All outputs are up-to-date.
[  +17 ms] Link:
[        ]   C:\Program Files\Microsoft Visual Studio\18\Community\VC\Tools\MSVC\14.50.35717\bin\HostX64\x64\link.exe /OUT:"C:\Users\admin\Desktop\falto_project\frontend\build\windows\x64\runner\Debug\frontend.exe" /INCREMENTAL /ILK:"frontend.dir\Debug\frontend.ilk" /NOLOGO ..\flutter\Debug\flutter_wrapper_app.lib dwmapi.lib C:\Users\admin\Desktop\falto_project\frontend\windows\flutter\ephemeral\flutter_windows.dll.lib kernel32.lib user32.lib gdi32.lib winspool.lib shell32.lib ole32.lib oleaut32.lib uuid.lib comdlg32.lib advapi32.lib /MANIFEST /MANIFESTUAC:"level='asInvoker' uiAccess='false'" /manifest:embed /manifestinput:C:\Users\admin\Desktop\falto_project\frontend\windows\runner\runner.exe.manifest /DEBUG /PDB:"C:/Users/admin/Desktop/falto_project/frontend/build/windows/x64/runner/Debug/frontend.pdb" /SUBSYSTEM:WINDOWS /TLBID:1 /IMPLIB:"C:/Users/admin/Desktop/falto_project/frontend/build/windows/x64/runner/Debug/frontend.lib" /MACHINE:X64  /machine:x64 frontend.dir\Debug\Runner.res
[        ]   frontend.dir\Debug\flutter_window.obj
[        ]   frontend.dir\Debug\main.obj
[        ]   frontend.dir\Debug\utils.obj
[        ]   frontend.dir\Debug\win32_window.obj
[        ]   frontend.dir\Debug\generated_plugin_registrant.obj
flutter : [  +26 ms] LINK : 
fatal error LNK1168: cannot 
open C:\Users\admin\Desktop\f
alto_project\frontend\build\w
indows\x64\runner\Debug\front
end.exe for writing [C:\Users
\admin\Desktop\falto_project\
frontend\build\windows\x64\ru
nner\frontend.vcxproj]
At line:1 char:1
+ flutter run -d windows -v 
> error_log.txt 2>&1
+ ~~~~~~~~~~~~~~~~~~~~~~~~~~~
~~~~~~~~~~~~~~~~~~~
    + CategoryInfo           
   : NotSpecified: ([  +26   
  ms] LINK...ontend.vcxpro   
 j]:String) [], RemoteExc    
eption
    + FullyQualifiedErrorId  
   : NativeCommandError
 
[   +5 ms] Done Building Project "C:\Users\admin\Desktop\falto_project\frontend\build\windows\x64\runner\frontend.vcxproj" (default targets) -- FAILED.
[        ] Done Building Project "C:\Users\admin\Desktop\falto_project\frontend\build\windows\x64\ALL_BUILD.vcxproj" (default targets) -- FAILED.
[        ] Done Building Project "C:\Users\admin\Desktop\falto_project\frontend\build\windows\x64\INSTALL.vcxproj" (default targets) -- FAILED.
[        ] Build FAILED.
[        ] "C:\Users\admin\Desktop\falto_project\frontend\build\windows\x64\INSTALL.vcxproj" (default target) (1) ->
[        ] "C:\Users\admin\Desktop\falto_project\frontend\build\windows\x64\ALL_BUILD.vcxproj" (default target) (3) ->
[        ] "C:\Users\admin\Desktop\falto_project\frontend\build\windows\x64\runner\frontend.vcxproj" (default target) (7) ->
[        ] (Link target) -> 
[        ]   LINK : fatal 
error LNK1168: cannot open C:
\Users\admin\Desktop\falto_pr
oject\frontend\build\windows\
x64\runner\Debug\frontend.exe
 for writing [C:\Users\admin\
Desktop\falto_project\fronten
d\build\windows\x64\runner\fr
ontend.vcxproj]
[        ]     0 Warning(s)
[        ]     1 Error(s)
[        ] Time Elapsed 00:00:04.25
[  +12 ms] Building Windows application... (completed in 4.6s)
[        ] Error: Build 
process failed.
[        ] "flutter run" took 4,921ms.
[  +26 ms] 
           #0      
throwToolExit (package:flutte
r_tools/src/base/common.dart:
34:3)
           #1      
RunCommand.runCommand (packag
e:flutter_tools/src/commands/
run.dart:897:9)
           <asynchronous 
suspension>
           #2      FlutterCom
mand.run.<anonymous closure> 
(package:flutter_tools/src/ru
nner/flutter_command.dart:155
9:27)
           <asynchronous 
suspension>
           #3      
AppContext.run.<anonymous 
closure> (package:flutter_too
ls/src/base/context.dart:154:
19)
           <asynchronous 
suspension>
           #4      
CommandRunner.runCommand (pac
kage:args/command_runner.dart
:212:13)
           <asynchronous 
suspension>
           #5      FlutterCom
mandRunner.runCommand.<anonym
ous closure> (package:flutter
_tools/src/runner/flutter_com
mand_runner.dart:487:9)
           <asynchronous 
suspension>
           #6      
AppContext.run.<anonymous 
closure> (package:flutter_too
ls/src/base/context.dart:154:
19)
           <asynchronous 
suspension>
           #7      FlutterCom
mandRunner.runCommand (packag
e:flutter_tools/src/runner/fl
utter_command_runner.dart:422
:5)
           <asynchronous 
suspension>
           #8      
run.<anonymous 
closure>.<anonymous closure> 
(package:flutter_tools/runner
.dart:104:11)
           <asynchronous 
suspension>
           #9      
AppContext.run.<anonymous 
closure> (package:flutter_too
ls/src/base/context.dart:154:
19)
           <asynchronous 
suspension>
           #10     main (pack
age:flutter_tools/executable.
dart:103:3)
           <asynchronous 
suspension>


[        ] Running 3 shutdown hooks
[   +5 ms] Shutdown hooks complete
[ +152 ms] exiting with code 1
